
> frontend@0.0.0 prebuild
> npm run optimize-images


> frontend@0.0.0 optimize-images
> node scripts/optimize-images.js

≡ƒû╝∩╕Å  Starting Image Optimization...

≡ƒôè Target: Save 463 KB through optimization

ΓÅ¡∩╕Å  Skipped (already optimized): logo-192.png
ΓÅ¡∩╕Å  Skipped (already optimized): logo-180.png
ΓÅ¡∩╕Å  Skipped (already optimized): logo-512.png
ΓÅ¡∩╕Å  Skipped (already optimized): logo-32.png
ΓÅ¡∩╕Å  Skipped (already optimized): logo-16.png
ΓÅ¡∩╕Å  Skipped (already optimized): LMSetjen-DPD-RI.jpg
ΓÅ¡∩╕Å  Skipped (already optimized): background.jpg
ΓÅ¡∩╕Å  Skipped (already optimized): region-indonesia-map.jpg
ΓÅ¡∩╕Å  Skipped (already optimized): certificate-bg.png

============================================================
≡ƒôê Optimization Summary:
============================================================
Γ£à Successfully optimized: 0
ΓÅ¡∩╕Å  Skipped (up-to-date): 9
Γ¥î Failed: 0
≡ƒôè Total processed: 9
============================================================

> frontend@0.0.0 build
> vite build

[36mvite v7.3.1 [32mbuilding client environment for production...[36m[39m
transforming...
node.exe : 
At line:1 char:1
+ & "C:\Program Files\nodejs/node.exe" "C:\Users\khair\AppData\Roaming\ ...
+ ~~~~~~~~~~~~~~~~~~~~~~~~~~~~~~~~~~~~~~~~~~~~~~~~~~~~~~~~~~~~~~~~~~~~~
    + CategoryInfo          : NotSpecified: (:String) [], RemoteException
    + FullyQualifiedErrorId : NativeCommandError
 
/fonts/custom-font.woff2 referenced in /fonts/custom-font.woff2 didn't resolve 
at build time, it will remain unchanged to be resolved at runtime
[32mΓ£ô[39m 1595 modules transformed.
[33msrc/views/instructor/CourseEdit.jsx (318:39): Use of eval in 
"src/views/instructor/CourseEdit.jsx" is strongly discouraged as it poses 
security risks and may cause issues with minification.[39m
[33msrc/views/instructor/CourseEdit.jsx (319:20): Use of eval in 
"src/views/instructor/CourseEdit.jsx" is strongly discouraged as it poses 
security risks and may cause issues with minification.[39m
[33msrc/views/instructor/CourseEdit.jsx (320:20): Use of eval in 
"src/views/instructor/CourseEdit.jsx" is strongly discouraged as it poses 
security risks and may cause issues with minification.[39m
[33m[esbuild css minify]
Γû▓ [WARNING] Unexpected "}" [css-syntax-error]

    <stdin>:790:0:
      790 Γöé }
          Γò╡ ^

[39m
[33m[esbuild css minify]
Γû▓ [WARNING] Unexpected "}" [css-syntax-error]

    <stdin>:101:0:
      101 Γöé }
          Γò╡ ^

[39m
[33m[esbuild css minify]
Γû▓ [WARNING] Unexpected "}" [css-syntax-error]

    <stdin>:1005:0:
      1005 Γöé }
           Γò╡ ^

[39m
[33m[esbuild css minify]
Γû▓ [WARNING] Unexpected "}" [css-syntax-error]

    <stdin>:2296:0:
      2296 Γöé }
           Γò╡ ^

[39m
[33m[esbuild css minify]
Γû▓ [WARNING] Unexpected "}" [css-syntax-error]

    <stdin>:1138:0:
      1138 Γöé }
           Γò╡ ^


Γû▓ [WARNING] Unexpected "}" [css-syntax-error]

    <stdin>:1170:0:
      1170 Γöé }
           Γò╡ ^

[39m
[33m[esbuild css minify]
Γû▓ [WARNING] Unexpected "}" [css-syntax-error]

    <stdin>:34:0:
      34 Γöé }
         Γò╡ ^


Γû▓ [WARNING] Unexpected "}" [css-syntax-error]

    <stdin>:1118:0:
      1118 Γöé }
           Γò╡ ^


Γû▓ [WARNING] Unexpected "`" [css-syntax-error]

    <stdin>:1268:0:
      1268 Γöé ```
           Γò╡ ^

[39m
rendering chunks...
computing gzip size...
[2mdist/[22m[32massets/logo-16-CIaRY3Ao.png                    [39m[1m[2m    0.68 kB[22m[1m[22m
[2mdist/[22m[32massets/logo-32-Dn9Nvy66.png                    [39m[1m[2m    1.63 kB[22m[1m[22m
[2mdist/[22m[32mindex.html                                     [39m[1m[2m    7.21 kB[22m[1m[22m[2m Γöé gzip:   2.34 kB[22m
[2mdist/[22m[32massets/logo-192-CUL7sA7z.webp                  [39m[1m[2m    7.88 kB[22m[1m[22m
[2mdist/[22m[32massets/logo-180-nK6Ha0Uo.png                   [39m[1m[2m   15.32 kB[22m[1m[22m
[2mdist/[22m[32massets/logo-192-I353uFYf.png                   [39m[1m[2m   16.92 kB[22m[1m[22m
[2mdist/[22m[32massets/certificate-bg-q9JVA4QL.webp            [39m[1m[2m   37.76 kB[22m[1m[22m
[2mdist/[22m[32massets/logo_nusa-CdGroe6y.png                  [39m[1m[2m   40.74 kB[22m[1m[22m
[2mdist/[22m[32massets/region-indonesia-map-DvmgcbWY.jpg       [39m[1m[2m   57.70 kB[22m[1m[22m
[2mdist/[22m[32massets/LMSetjen-DPD-RI-CKAkj-KP.jpg            [39m[1m[2m   89.14 kB[22m[1m[22m
[2mdist/[22m[32massets/background-Obx0Qv9-.jpg                 [39m[1m[2m  226.82 kB[22m[1m[22m
[2mdist/[22m[32massets/certificate-bg-DcyzGjnK.png             [39m[1m[2m  278.44 kB[22m[1m[22m
[2mdist/[22m[35massets/MinimalLoader-CiCwRRji.css              [39m[1m[2m    0.75 kB[22m[1m[22m[2m Γöé gzip:   0.41 kB[22m
[2mdist/[22m[35massets/PrivacyPolicy-dILbcInL.css              [39m[1m[2m    1.34 kB[22m[1m[22m[2m Γöé gzip:   0.48 kB[22m
[2mdist/[22m[35massets/PasswordInput-SP7jL12F.css              [39m[1m[2m    1.51 kB[22m[1m[22m[2m Γöé gzip:   0.50 kB[22m
[2mdist/[22m[35massets/LoadingSpinner-BQXzP5g5.css             [39m[1m[2m    1.52 kB[22m[1m[22m[2m Γöé gzip:   0.64 kB[22m
[2mdist/[22m[35massets/ComingSoonModal-BTIF7wNH.css            [39m[1m[2m    1.76 kB[22m[1m[22m[2m Γöé gzip:   0.69 kB[22m
[2mdist/[22m[35massets/Footer-XV_Sp6gO.css                     [39m[1m[2m    1.99 kB[22m[1m[22m[2m Γöé gzip:   0.68 kB[22m
[2mdist/[22m[35massets/WorkflowStepper-CnOrTqok.css            [39m[1m[2m    2.19 kB[22m[1m[22m[2m Γöé gzip:   0.81 kB[22m
[2mdist/[22m[35massets/SSOLogin-BKfzchX1.css                   [39m[1m[2m    2.40 kB[22m[1m[22m[2m Γöé gzip:   0.80 kB[22m
[2mdist/[22m[35massets/Contact-BX-jHFJE.css                    [39m[1m[2m    2.53 kB[22m[1m[22m[2m Γöé gzip:   0.75 kB[22m
[2mdist/[22m[35massets/Tentang-Dk77ihF_.css                    [39m[1m[2m    2.80 kB[22m[1m[22m[2m Γöé gzip:   0.83 kB[22m
[2mdist/[22m[35massets/BaseFooter-kWB_cIdf.css                 [39m[1m[2m    3.46 kB[22m[1m[22m[2m Γöé gzip:   1.05 kB[22m
[2mdist/[22m[35massets/RoleSelectionModal-B_XQzoYk.css         [39m[1m[2m    3.60 kB[22m[1m[22m[2m Γöé gzip:   1.18 kB[22m
[2mdist/[22m[35massets/ForgotPassword-DSqEhJ3e.css             [39m[1m[2m    4.15 kB[22m[1m[22m[2m Γöé gzip:   1.07 kB[22m
[2mdist/[22m[35massets/SkeletonComponents-IiVrYVda.css         [39m[1m[2m    4.17 kB[22m[1m[22m[2m Γöé gzip:   1.20 kB[22m
[2mdist/[22m[35massets/Capaian-CRas7W7-.css                    [39m[1m[2m    4.55 kB[22m[1m[22m[2m Γöé gzip:   1.18 kB[22m
[2mdist/[22m[35massets/NotFound-DFJVMe5k.css                   [39m[1m[2m    4.92 kB[22m[1m[22m[2m Γöé gzip:   1.20 kB[22m
[2mdist/[22m[35massets/AdminFeedback-C5sTpErQ.css              [39m[1m[2m    5.54 kB[22m[1m[22m[2m Γöé gzip:   1.59 kB[22m
[2mdist/[22m[35massets/CreateNewPassword--71ATifa.css          [39m[1m[2m    5.82 kB[22m[1m[22m[2m Γöé gzip:   1.37 kB[22m
[2mdist/[22m[35massets/Students-BT8f2kgg.css                   [39m[1m[2m    6.65 kB[22m[1m[22m[2m Γöé gzip:   1.57 kB[22m
[2mdist/[22m[35massets/TeacherNotification-CpEqOImU.css        [39m[1m[2m    7.82 kB[22m[1m[22m[2m Γöé gzip:   1.77 kB[22m
[2mdist/[22m[35massets/RoleIndicator-BN0Xpdmf.css              [39m[1m[2m    8.08 kB[22m[1m[22m[2m Γöé gzip:   1.85 kB[22m
[2mdist/[22m[35massets/Wishlist-D5z_Z8Oe.css                   [39m[1m[2m    8.16 kB[22m[1m[22m[2m Γöé gzip:   1.88 kB[22m
[2mdist/[22m[35massets/UserGuide-vYlJ1QjG.css                  [39m[1m[2m    8.52 kB[22m[1m[22m[2m Γöé gzip:   1.99 kB[22m
[2mdist/[22m[35massets/Testimonials-e7dKYnUh.css               [39m[1m[2m    8.55 kB[22m[1m[22m[2m Γöé gzip:   1.84 kB[22m
[2mdist/[22m[35massets/Testimonials-DxEN_FeW.css               [39m[1m[2m    8.68 kB[22m[1m[22m[2m Γöé gzip:   1.84 kB[22m
[2mdist/[22m[35massets/Login-Bb7wMQUA.css                      [39m[1m[2m    8.73 kB[22m[1m[22m[2m Γöé gzip:   1.85 kB[22m
[2mdist/[22m[35massets/SystemDocumentation-BpjhYA3y.css        [39m[1m[2m    8.86 kB[22m[1m[22m[2m Γöé gzip:   2.15 kB[22m
[2mdist/[22m[35massets/CertificateValidation-B7dF9qjf.css      [39m[1m[2m    8.95 kB[22m[1m[22m[2m Γöé gzip:   2.15 kB[22m
[2mdist/[22m[35massets/InstructorCoursePreview-Dxau_YkU.css    [39m[1m[2m    9.25 kB[22m[1m[22m[2m Γöé gzip:   2.05 kB[22m
[2mdist/[22m[35massets/Courses-R9ic1xVa.css                    [39m[1m[2m   13.10 kB[22m[1m[22m[2m Γöé gzip:   2.58 kB[22m
[2mdist/[22m[35massets/CourseDetail-CcPszu5X.css               [39m[1m[2m   13.37 kB[22m[1m[22m[2m Γöé gzip:   3.15 kB[22m
[2mdist/[22m[35massets/Courses-BgLy0j1m.css                    [39m[1m[2m   13.49 kB[22m[1m[22m[2m Γöé gzip:   2.50 kB[22m
[2mdist/[22m[35massets/SertifikatKursus-BdQ67cPx.css           [39m[1m[2m   14.16 kB[22m[1m[22m[2m Γöé gzip:   2.99 kB[22m
[2mdist/[22m[35massets/AdminCourseReviewDetail-5mnrF8YS.css    [39m[1m[2m   14.17 kB[22m[1m[22m[2m Γöé gzip:   2.92 kB[22m
[2mdist/[22m[35massets/ContentManagementAdmin-peMacY_5.css     [39m[1m[2m   15.09 kB[22m[1m[22m[2m Γöé gzip:   3.39 kB[22m
[2mdist/[22m[35massets/Profile-DUj6-KCJ.css                    [39m[1m[2m   15.18 kB[22m[1m[22m[2m Γöé gzip:   3.03 kB[22m
[2mdist/[22m[35massets/CountrySelector-CLQsi55H.css            [39m[1m[2m   16.34 kB[22m[1m[22m[2m Γöé gzip:   3.62 kB[22m
[2mdist/[22m[35massets/Dashboard-B54Fkzqb.css                  [39m[1m[2m   16.71 kB[22m[1m[22m[2m Γöé gzip:   3.26 kB[22m
[2mdist/[22m[35massets/InstructorProfilePage-FpElkeOw.css      [39m[1m[2m   17.18 kB[22m[1m[22m[2m Γöé gzip:   3.11 kB[22m
[2mdist/[22m[35massets/Dashboard-qAuVAnUI.css                  [39m[1m[2m   17.82 kB[22m[1m[22m[2m Γöé gzip:   3.19 kB[22m
[2mdist/[22m[35massets/Profile-4Xgj4PsY.css                    [39m[1m[2m   17.84 kB[22m[1m[22m[2m Γöé gzip:   3.17 kB[22m
[2mdist/[22m[35massets/AdminHeader-LC2Q9C23.css                [39m[1m[2m   18.03 kB[22m[1m[22m[2m Γöé gzip:   3.32 kB[22m
[2mdist/[22m[35massets/ReportsAdmin-DVS0ndDl.css               [39m[1m[2m   18.31 kB[22m[1m[22m[2m Γöé gzip:   2.78 kB[22m
[2mdist/[22m[35massets/CourseCreate-BOfuhF2r.css               [39m[1m[2m   18.51 kB[22m[1m[22m[2m Γöé gzip:   3.69 kB[22m
[2mdist/[22m[35massets/Search-DoE42RbM.css                     [39m[1m[2m   18.85 kB[22m[1m[22m[2m Γöé gzip:   4.15 kB[22m
[2mdist/[22m[35massets/BaseHeader-6YRqGbOu.css                 [39m[1m[2m   19.12 kB[22m[1m[22m[2m Γöé gzip:   3.91 kB[22m
[2mdist/[22m[35massets/CourseEditCurriculum-DhpARQPN.css       [39m[1m[2m   19.20 kB[22m[1m[22m[2m Γöé gzip:   4.07 kB[22m
[2mdist/[22m[35massets/Review-BEfhR-E_.css                     [39m[1m[2m   20.34 kB[22m[1m[22m[2m Γöé gzip:   3.46 kB[22m
[2mdist/[22m[35massets/CourseQuiz-DI7ydMtm.css                 [39m[1m[2m   24.10 kB[22m[1m[22m[2m Γöé gzip:   4.88 kB[22m
[2mdist/[22m[35massets/Index-InfJRy3u.css                      [39m[1m[2m   27.51 kB[22m[1m[22m[2m Γöé gzip:   5.12 kB[22m
[2mdist/[22m[35massets/DashboardAdmin-B7-TnpRb.css             [39m[1m[2m   27.53 kB[22m[1m[22m[2m Γöé gzip:   5.61 kB[22m
[2mdist/[22m[35massets/Header-DeKBzrpI.css                     [39m[1m[2m   32.00 kB[22m[1m[22m[2m Γöé gzip:   5.31 kB[22m
[2mdist/[22m[35massets/CourseEdit-0L9u6erX.css                 [39m[1m[2m   33.13 kB[22m[1m[22m[2m Γöé gzip:   6.09 kB[22m
[2mdist/[22m[35massets/Header-DgvGHvP6.css                     [39m[1m[2m   36.73 kB[22m[1m[22m[2m Γöé gzip:   5.75 kB[22m
[2mdist/[22m[35massets/QA-B8B3PMOA.css                         [39m[1m[2m   37.84 kB[22m[1m[22m[2m Γöé gzip:   6.74 kB[22m
[2mdist/[22m[35massets/UsersAdmin-CFTWDcZZ.css                 [39m[1m[2m   45.36 kB[22m[1m[22m[2m Γöé gzip:   8.21 kB[22m
[2mdist/[22m[35massets/CourseDetail-CMKyNquj.css               [39m[1m[2m  141.32 kB[22m[1m[22m[2m Γöé gzip:  23.30 kB[22m
[2mdist/[22m[35massets/index-CZ_O9jZR.css                      [39m[1m[2m  294.94 kB[22m[1m[22m[2m Γöé gzip:  41.43 kB[22m
[2mdist/[22m[36massets/ComingSoonModal-BIx023ff.js             [39m[1m[2m    0.27 kB[22m[1m[22m[2m Γöé gzip:   0.23 kB[22m
[2mdist/[22m[36massets/CourseEdit-B2wCEsDc.js                  [39m[1m[2m    0.29 kB[22m[1m[22m[2m Γöé gzip:   0.20 kB[22m
[2mdist/[22m[36massets/ckeditor-CWYsI1Xn.js                    [39m[1m[2m    0.51 kB[22m[1m[22m[2m Γöé gzip:   0.36 kB[22m
[2mdist/[22m[36massets/ckeditor-DA_jldX4.js                    [39m[1m[2m    0.52 kB[22m[1m[22m[2m Γöé gzip:   0.36 kB[22m
[2mdist/[22m[36massets/usePageCache-BsQcTLRy.js                [39m[1m[2m    0.99 kB[22m[1m[22m[2m Γöé gzip:   0.49 kB[22m
[2mdist/[22m[36massets/roleUtils-DEBjPRZ3.js                   [39m[1m[2m    1.12 kB[22m[1m[22m[2m Γöé gzip:   0.57 kB[22m
[2mdist/[22m[36massets/Footer-CVdkLJse.js                      [39m[1m[2m    1.23 kB[22m[1m[22m[2m Γöé gzip:   0.57 kB[22m
[2mdist/[22m[36massets/durationUtils-LXdGLpjU.js               [39m[1m[2m    1.68 kB[22m[1m[22m[2m Γöé gzip:   0.71 kB[22m
[2mdist/[22m[36massets/SkeletonComponents-XxXHC7sf.js          [39m[1m[2m    2.60 kB[22m[1m[22m[2m Γöé gzip:   0.84 kB[22m
[2mdist/[22m[36massets/WorkflowStepper-UmBvpMBf.js             [39m[1m[2m    2.72 kB[22m[1m[22m[2m Γöé gzip:   0.95 kB[22m
[2mdist/[22m[36massets/RichTextEditor-BYw92nPn.js              [39m[1m[2m    2.73 kB[22m[1m[22m[2m Γöé gzip:   1.18 kB[22m
[2mdist/[22m[36massets/NotFound-BqoCoe3A.js                    [39m[1m[2m    2.83 kB[22m[1m[22m[2m Γöé gzip:   0.93 kB[22m
[2mdist/[22m[36massets/RoleSelectionModal-kTwnTzfe.js          [39m[1m[2m    3.19 kB[22m[1m[22m[2m Γöé gzip:   1.23 kB[22m
[2mdist/[22m[36massets/Contact-DlGJflJO.js                     [39m[1m[2m    4.19 kB[22m[1m[22m[2m Γöé gzip:   1.33 kB[22m
[2mdist/[22m[36massets/SSOLogin-DDLV6Ybm.js                    [39m[1m[2m    4.45 kB[22m[1m[22m[2m Γöé gzip:   1.84 kB[22m
[2mdist/[22m[36massets/RoleIndicator-CRqyfLRm.js               [39m[1m[2m    4.56 kB[22m[1m[22m[2m Γöé gzip:   1.58 kB[22m
[2mdist/[22m[36massets/ForgotPassword-lm6k8pOW.js              [39m[1m[2m    4.73 kB[22m[1m[22m[2m Γöé gzip:   1.72 kB[22m
[2mdist/[22m[36massets/Tentang-K_gGbiIi.js                     [39m[1m[2m    5.04 kB[22m[1m[22m[2m Γöé gzip:   1.50 kB[22m
[2mdist/[22m[36massets/PrivacyPolicy-BXXFV9xm.js               [39m[1m[2m    5.13 kB[22m[1m[22m[2m Γöé gzip:   1.66 kB[22m
[2mdist/[22m[36massets/Students-BYQcO2mh.js                    [39m[1m[2m    5.22 kB[22m[1m[22m[2m Γöé gzip:   1.93 kB[22m
[2mdist/[22m[36massets/TermsAndConditions-BQUMwx_r.js          [39m[1m[2m    5.25 kB[22m[1m[22m[2m Γöé gzip:   1.70 kB[22m
[2mdist/[22m[36massets/TestimonialSubmitForm-CzASS7KX.js       [39m[1m[2m    5.33 kB[22m[1m[22m[2m Γöé gzip:   2.11 kB[22m
[2mdist/[22m[36massets/Testimonials-Dcwru8Tr.js                [39m[1m[2m    5.45 kB[22m[1m[22m[2m Γöé gzip:   1.90 kB[22m
[2mdist/[22m[36massets/Capaian-BsTTiWBo.js                     [39m[1m[2m    5.47 kB[22m[1m[22m[2m Γöé gzip:   1.86 kB[22m
[2mdist/[22m[36massets/Testimonials-RsRuZiU6.js                [39m[1m[2m    5.51 kB[22m[1m[22m[2m Γöé gzip:   1.91 kB[22m
[2mdist/[22m[36massets/AdminHeader-DFrMyzYg.js                 [39m[1m[2m    5.77 kB[22m[1m[22m[2m Γöé gzip:   1.87 kB[22m
[2mdist/[22m[36massets/CookiePolicy-CcFvHgCo.js                [39m[1m[2m    6.01 kB[22m[1m[22m[2m Γöé gzip:   1.78 kB[22m
[2mdist/[22m[36massets/CertificateValidation-KTISlWMj.js       [39m[1m[2m    6.23 kB[22m[1m[22m[2m Γöé gzip:   1.71 kB[22m
[2mdist/[22m[36massets/BaseFooter-By7zuHMF.js                  [39m[1m[2m    6.44 kB[22m[1m[22m[2m Γöé gzip:   2.20 kB[22m
[2mdist/[22m[36massets/index-DZ_D6sp8.js                       [39m[1m[2m    6.47 kB[22m[1m[22m[2m Γöé gzip:   2.78 kB[22m
[2mdist/[22m[36massets/Wishlist-BOiWMbOD.js                    [39m[1m[2m    7.46 kB[22m[1m[22m[2m Γöé gzip:   2.61 kB[22m
[2mdist/[22m[36massets/TeacherNotification-m-y-jUKn.js         [39m[1m[2m    7.52 kB[22m[1m[22m[2m Γöé gzip:   2.33 kB[22m
[2mdist/[22m[36massets/CreateNewPassword-DjAirRqP.js           [39m[1m[2m    7.58 kB[22m[1m[22m[2m Γöé gzip:   2.42 kB[22m
[2mdist/[22m[36massets/Courses-BfhQJ25o.js                     [39m[1m[2m    8.17 kB[22m[1m[22m[2m Γöé gzip:   2.57 kB[22m
[2mdist/[22m[36massets/Courses-DSfgCn6Z.js                     [39m[1m[2m    9.09 kB[22m[1m[22m[2m Γöé gzip:   3.18 kB[22m
[2mdist/[22m[36massets/Login-8-QcMdVz.js                       [39m[1m[2m    9.14 kB[22m[1m[22m[2m Γöé gzip:   3.38 kB[22m
[2mdist/[22m[36massets/SertifikatKursus-jTRELZUz.js            [39m[1m[2m    9.67 kB[22m[1m[22m[2m Γöé gzip:   3.14 kB[22m
[2mdist/[22m[36massets/AdminFeedback-n79MmEWC.js               [39m[1m[2m    9.87 kB[22m[1m[22m[2m Γöé gzip:   2.72 kB[22m
[2mdist/[22m[36massets/Header-BLyckx9n.js                      [39m[1m[2m    9.98 kB[22m[1m[22m[2m Γöé gzip:   2.59 kB[22m
[2mdist/[22m[36massets/dayjs-CLlczP5v.js                       [39m[1m[2m   10.49 kB[22m[1m[22m[2m Γöé gzip:   4.11 kB[22m
[2mdist/[22m[36massets/InstructorProfilePage-DAk0-7Xj.js       [39m[1m[2m   10.58 kB[22m[1m[22m[2m Γöé gzip:   2.91 kB[22m
[2mdist/[22m[36massets/Header-D7VKBo39.js                      [39m[1m[2m   12.34 kB[22m[1m[22m[2m Γöé gzip:   2.90 kB[22m
[2mdist/[22m[36massets/CourseCreate-DrYI194S.js                [39m[1m[2m   12.55 kB[22m[1m[22m[2m Γöé gzip:   4.37 kB[22m
[2mdist/[22m[36massets/Profile-D6TrjKF0.js                     [39m[1m[2m   13.36 kB[22m[1m[22m[2m Γöé gzip:   4.39 kB[22m
[2mdist/[22m[36massets/BaseHeader-C_NpwbLq.js                  [39m[1m[2m   14.45 kB[22m[1m[22m[2m Γöé gzip:   4.54 kB[22m
[2mdist/[22m[36massets/Dashboard-B1WQkZgP.js                   [39m[1m[2m   14.58 kB[22m[1m[22m[2m Γöé gzip:   3.67 kB[22m
[2mdist/[22m[36massets/Dashboard-aAhtbwzV.js                   [39m[1m[2m   15.85 kB[22m[1m[22m[2m Γöé gzip:   3.86 kB[22m
[2mdist/[22m[36massets/InstructorCoursePreview-CZ36h730.js     [39m[1m[2m   16.38 kB[22m[1m[22m[2m Γöé gzip:   4.00 kB[22m
[2mdist/[22m[36massets/CourseQuiz-BRN_d_RK.js                  [39m[1m[2m   18.08 kB[22m[1m[22m[2m Γöé gzip:   4.39 kB[22m
[2mdist/[22m[36massets/Search-n9qUbApy.js                      [39m[1m[2m   18.77 kB[22m[1m[22m[2m Γöé gzip:   5.55 kB[22m
[2mdist/[22m[36massets/ReportsAdmin-BzXMVtKF.js                [39m[1m[2m   18.86 kB[22m[1m[22m[2m Γöé gzip:   3.61 kB[22m
[2mdist/[22m[36massets/Review-Du2TN77i.js                      [39m[1m[2m   19.20 kB[22m[1m[22m[2m Γöé gzip:   4.96 kB[22m
[2mdist/[22m[36massets/index-DTi_fBFN.js                       [39m[1m[2m   19.52 kB[22m[1m[22m[2m Γöé gzip:   6.64 kB[22m
[2mdist/[22m[36massets/AdminCourseReviewDetail-8PgvMoCL.js     [39m[1m[2m   20.43 kB[22m[1m[22m[2m Γöé gzip:   4.89 kB[22m
[2mdist/[22m[36massets/purify.es-DKmS7_S0.js                   [39m[1m[2m   22.58 kB[22m[1m[22m[2m Γöé gzip:   8.51 kB[22m
[2mdist/[22m[36massets/Profile-BgVF_Rqr.js                     [39m[1m[2m   22.79 kB[22m[1m[22m[2m Γöé gzip:   6.96 kB[22m
[2mdist/[22m[36massets/ui-vendor-Epn7esgn.js                   [39m[1m[2m   28.09 kB[22m[1m[22m[2m Γöé gzip:   9.81 kB[22m
[2mdist/[22m[36massets/CountrySelector-CyTl1eN0.js             [39m[1m[2m   28.26 kB[22m[1m[22m[2m Γöé gzip:   8.34 kB[22m
[2mdist/[22m[36massets/UserGuide-BES5qhCr.js                   [39m[1m[2m   31.26 kB[22m[1m[22m[2m Γöé gzip:   8.60 kB[22m
[2mdist/[22m[36massets/ContentManagementAdmin-BAT7CGk0.js      [39m[1m[2m   32.57 kB[22m[1m[22m[2m Γöé gzip:   7.62 kB[22m
[2mdist/[22m[36massets/QA-BIF-Lny4.js                          [39m[1m[2m   37.24 kB[22m[1m[22m[2m Γöé gzip:   9.06 kB[22m
[2mdist/[22m[36massets/UsersAdmin-C9b6sXGn.js                  [39m[1m[2m   39.03 kB[22m[1m[22m[2m Γöé gzip:   9.16 kB[22m
[2mdist/[22m[36massets/SystemDocumentation-BRyiYxPc.js         [39m[1m[2m   40.40 kB[22m[1m[22m[2m Γöé gzip:  10.64 kB[22m
[2mdist/[22m[36massets/CourseLearningOutcomesForm-DiglU0hQ.js  [39m[1m[2m   40.97 kB[22m[1m[22m[2m Γöé gzip:   9.38 kB[22m
[2mdist/[22m[36massets/utils-vendor-Bb-I7gjo.js                [39m[1m[2m   48.27 kB[22m[1m[22m[2m Γöé gzip:  18.78 kB[22m
[2mdist/[22m[36massets/CourseEdit-ClK2M_Rn.js                  [39m[1m[2m   54.38 kB[22m[1m[22m[2m Γöé gzip:  11.01 kB[22m
[2mdist/[22m[36massets/DashboardAdmin-B_YzK6yM.js              [39m[1m[2m   56.67 kB[22m[1m[22m[2m Γöé gzip:  10.54 kB[22m
[2mdist/[22m[36massets/Index-BcsLDMVJ.js                       [39m[1m[2m   56.79 kB[22m[1m[22m[2m Γöé gzip:  10.09 kB[22m
[2mdist/[22m[36massets/CourseDetail-Bku26QzQ.js                [39m[1m[2m   72.26 kB[22m[1m[22m[2m Γöé gzip:  14.51 kB[22m
[2mdist/[22m[36massets/CourseEditCurriculum-UMsr4Som.js        [39m[1m[2m  105.01 kB[22m[1m[22m[2m Γöé gzip:  30.01 kB[22m
[2mdist/[22m[36massets/index-SL-0Th6V.js                       [39m[1m[2m  131.05 kB[22m[1m[22m[2m Γöé gzip:  35.87 kB[22m
[2mdist/[22m[36massets/index.es-CcazhOcq.js                    [39m[1m[2m  156.04 kB[22m[1m[22m[2m Γöé gzip:  51.05 kB[22m
[2mdist/[22m[36massets/react-vendor-D2_7faIU.js                [39m[1m[2m  160.07 kB[22m[1m[22m[2m Γöé gzip:  52.34 kB[22m
[2mdist/[22m[36massets/chart-vendor-CU7R3bi7.js                [39m[1m[2m  528.10 kB[22m[1m[22m[2m Γöé gzip: 161.31 kB[22m
[2mdist/[22m[36massets/CourseDetail-CX34cWVz.js                [39m[1m[2m  736.40 kB[22m[1m[22m[2m Γöé gzip: 206.75 kB[22m
[2mdist/[22m[36massets/editor-vendor-weqQ_nQu.js               [39m[1m[33m1,144.76 kB[39m[22m[2m Γöé gzip: 280.59 kB[22m
[33m
(!) Some chunks are larger than 1000 kB after minification. Consider:
- Using dynamic import() to code-split the application
- Use build.rollupOptions.output.manualChunks to improve chunking: 
https://rollupjs.org/configuration-options/#output-manualchunks
- Adjust chunk size limit for this warning via 
build.chunkSizeWarningLimit.[39m
[32mΓ£ô built in 17.56s[39m

Γ£¿ [vite-plugin-compression]:algorithm=gzip - compressed file successfully: 
dist/D:/Project/LMSetjen DPD RI/frontend/assets/AdminFeedback-C5sTpErQ.css.gz               5.41kb / gzip: 1.55kb
dist/D:/Project/LMSetjen DPD RI/frontend/assets/AdminHeader-DFrMyzYg.js.gz                  5.63kb / gzip: 1.82kb
dist/D:/Project/LMSetjen DPD RI/frontend/assets/AdminCourseReviewDetail-5mnrF8YS.css.gz     13.83kb / gzip: 2.84kb
dist/D:/Project/LMSetjen DPD RI/frontend/assets/AdminFeedback-n79MmEWC.js.gz                9.64kb / gzip: 2.66kb
dist/D:/Project/LMSetjen DPD RI/frontend/assets/BaseFooter-By7zuHMF.js.gz                   6.29kb / gzip: 2.15kb
dist/D:/Project/LMSetjen DPD RI/frontend/assets/AdminCourseReviewDetail-8PgvMoCL.js.gz      19.95kb / gzip: 4.76kb
dist/D:/Project/LMSetjen DPD RI/frontend/assets/BaseFooter-kWB_cIdf.css.gz                  3.38kb / gzip: 1.02kb
dist/D:/Project/LMSetjen DPD RI/frontend/assets/CertificateValidation-B7dF9qjf.css.gz       8.74kb / gzip: 2.10kb
dist/D:/Project/LMSetjen DPD RI/frontend/assets/Capaian-CRas7W7-.css.gz                     4.44kb / gzip: 1.15kb
dist/D:/Project/LMSetjen DPD RI/frontend/assets/CertificateValidation-KTISlWMj.js.gz        6.08kb / gzip: 1.67kb
dist/D:/Project/LMSetjen DPD RI/frontend/assets/AdminHeader-LC2Q9C23.css.gz                 17.60kb / gzip: 3.22kb
dist/D:/Project/LMSetjen DPD RI/frontend/assets/ComingSoonModal-BTIF7wNH.css.gz             1.72kb / gzip: 0.67kb
dist/D:/Project/LMSetjen DPD RI/frontend/assets/Capaian-BsTTiWBo.js.gz                      5.34kb / gzip: 1.81kb
dist/D:/Project/LMSetjen DPD RI/frontend/assets/Contact-DlGJflJO.js.gz                      4.09kb / gzip: 1.30kb
dist/D:/Project/LMSetjen DPD RI/frontend/assets/BaseHeader-6YRqGbOu.css.gz                  18.67kb / gzip: 3.80kb
dist/D:/Project/LMSetjen DPD RI/frontend/assets/Contact-BX-jHFJE.css.gz                     2.47kb / gzip: 0.73kb
dist/D:/Project/LMSetjen DPD RI/frontend/assets/BaseHeader-C_NpwbLq.js.gz                   14.11kb / gzip: 4.43kb
dist/D:/Project/LMSetjen DPD RI/frontend/assets/ContentManagementAdmin-peMacY_5.css.gz      14.73kb / gzip: 3.30kb
dist/D:/Project/LMSetjen DPD RI/frontend/assets/CookiePolicy-CcFvHgCo.js.gz                 5.87kb / gzip: 1.74kb
dist/D:/Project/LMSetjen DPD RI/frontend/assets/CourseDetail-CcPszu5X.css.gz                13.06kb / gzip: 3.07kb
dist/D:/Project/LMSetjen DPD RI/frontend/assets/CountrySelector-CLQsi55H.css.gz             15.95kb / gzip: 3.52kb
dist/D:/Project/LMSetjen DPD RI/frontend/assets/CourseCreate-DrYI194S.js.gz                 12.25kb / gzip: 4.26kb
dist/D:/Project/LMSetjen DPD RI/frontend/assets/CourseCreate-BOfuhF2r.css.gz                18.07kb / gzip: 3.60kb
dist/D:/Project/LMSetjen DPD RI/frontend/assets/CountrySelector-CyTl1eN0.js.gz              27.60kb / gzip: 8.13kb
dist/D:/Project/LMSetjen DPD RI/frontend/assets/ContentManagementAdmin-BAT7CGk0.js.gz       31.80kb / gzip: 7.39kb
dist/D:/Project/LMSetjen DPD RI/frontend/assets/CourseEdit-0L9u6erX.css.gz                  32.35kb / gzip: 5.92kb
dist/D:/Project/LMSetjen DPD RI/frontend/assets/CourseEdit-ClK2M_Rn.js.gz                   53.10kb / gzip: 10.66kb
dist/D:/Project/LMSetjen DPD RI/frontend/assets/CourseLearningOutcomesForm-DiglU0hQ.js.gz   40.01kb / gzip: 9.14kb
dist/D:/Project/LMSetjen DPD RI/frontend/assets/CourseEditCurriculum-DhpARQPN.css.gz        18.75kb / gzip: 3.96kb
dist/D:/Project/LMSetjen DPD RI/frontend/assets/CourseDetail-Bku26QzQ.js.gz                 70.56kb / gzip: 14.08kb
dist/D:/Project/LMSetjen DPD RI/frontend/assets/CourseQuiz-BRN_d_RK.js.gz                   17.65kb / gzip: 4.28kb
dist/D:/Project/LMSetjen DPD RI/frontend/assets/Courses-DSfgCn6Z.js.gz                      8.88kb / gzip: 3.10kb
dist/D:/Project/LMSetjen DPD RI/frontend/assets/CourseQuiz-DI7ydMtm.css.gz                  23.54kb / gzip: 4.75kb
dist/D:/Project/LMSetjen DPD RI/frontend/assets/Courses-BgLy0j1m.css.gz                     13.17kb / gzip: 2.43kb
dist/D:/Project/LMSetjen DPD RI/frontend/assets/Courses-BfhQJ25o.js.gz                      7.98kb / gzip: 2.50kb
dist/D:/Project/LMSetjen DPD RI/frontend/assets/CreateNewPassword--71ATifa.css.gz           5.68kb / gzip: 1.33kb
dist/D:/Project/LMSetjen DPD RI/frontend/assets/Courses-R9ic1xVa.css.gz                     12.79kb / gzip: 2.50kb
dist/D:/Project/LMSetjen DPD RI/frontend/assets/CreateNewPassword-DjAirRqP.js.gz            7.40kb / gzip: 2.35kb
dist/D:/Project/LMSetjen DPD RI/frontend/assets/Dashboard-aAhtbwzV.js.gz                    15.48kb / gzip: 3.76kb
dist/D:/Project/LMSetjen DPD RI/frontend/assets/Dashboard-B1WQkZgP.js.gz                    14.23kb / gzip: 3.57kb
dist/D:/Project/LMSetjen DPD RI/frontend/assets/Dashboard-qAuVAnUI.css.gz                   17.40kb / gzip: 3.11kb
dist/D:/Project/LMSetjen DPD RI/frontend/assets/Dashboard-B54Fkzqb.css.gz                   16.32kb / gzip: 3.17kb
dist/D:/Project/LMSetjen DPD RI/frontend/assets/dayjs-CLlczP5v.js.gz                        10.24kb / gzip: 4.02kb
dist/D:/Project/LMSetjen DPD RI/frontend/assets/DashboardAdmin-B7-TnpRb.css.gz              26.88kb / gzip: 5.46kb
dist/D:/Project/LMSetjen DPD RI/frontend/assets/Footer-CVdkLJse.js.gz                       1.20kb / gzip: 0.56kb
dist/D:/Project/LMSetjen DPD RI/frontend/assets/durationUtils-LXdGLpjU.js.gz                1.64kb / gzip: 0.69kb
dist/D:/Project/LMSetjen DPD RI/frontend/assets/ForgotPassword-DSqEhJ3e.css.gz              4.05kb / gzip: 1.04kb
dist/D:/Project/LMSetjen DPD RI/frontend/assets/Footer-XV_Sp6gO.css.gz                      1.95kb / gzip: 0.66kb
dist/D:/Project/LMSetjen DPD RI/frontend/assets/ForgotPassword-lm6k8pOW.js.gz               4.62kb / gzip: 1.68kb
dist/D:/Project/LMSetjen DPD RI/frontend/assets/Header-BLyckx9n.js.gz                       9.75kb / gzip: 2.52kb
dist/D:/Project/LMSetjen DPD RI/frontend/assets/DashboardAdmin-B_YzK6yM.js.gz               55.34kb / gzip: 10.23kb
dist/D:/Project/LMSetjen DPD RI/frontend/assets/Header-D7VKBo39.js.gz                       12.05kb / gzip: 2.82kb
dist/D:/Project/LMSetjen DPD RI/frontend/assets/Header-DeKBzrpI.css.gz                      31.25kb / gzip: 5.16kb
dist/D:/Project/LMSetjen DPD RI/frontend/assets/index-DZ_D6sp8.js.gz                        6.32kb / gzip: 2.71kb
dist/D:/Project/LMSetjen DPD RI/frontend/assets/Header-DgvGHvP6.css.gz                      35.86kb / gzip: 5.57kb
dist/D:/Project/LMSetjen DPD RI/frontend/assets/index-DTi_fBFN.js.gz                        19.06kb / gzip: 6.48kb
dist/D:/Project/LMSetjen DPD RI/frontend/assets/InstructorCoursePreview-CZ36h730.js.gz      16.00kb / gzip: 3.89kb
dist/D:/Project/LMSetjen DPD RI/frontend/assets/Index-InfJRy3u.css.gz                       26.87kb / gzip: 4.97kb
dist/D:/Project/LMSetjen DPD RI/frontend/assets/Index-BcsLDMVJ.js.gz                        55.46kb / gzip: 9.78kb
dist/D:/Project/LMSetjen DPD RI/frontend/assets/InstructorProfilePage-DAk0-7Xj.js.gz        10.33kb / gzip: 2.83kb
dist/D:/Project/LMSetjen DPD RI/frontend/assets/InstructorProfilePage-FpElkeOw.css.gz       16.78kb / gzip: 3.02kb
dist/D:/Project/LMSetjen DPD RI/frontend/assets/InstructorCoursePreview-Dxau_YkU.css.gz     9.04kb / gzip: 2.00kb
dist/D:/Project/LMSetjen DPD RI/frontend/assets/Login-8-QcMdVz.js.gz                        8.92kb / gzip: 3.30kb
dist/D:/Project/LMSetjen DPD RI/frontend/assets/LoadingSpinner-BQXzP5g5.css.gz              1.49kb / gzip: 0.63kb
dist/D:/Project/LMSetjen DPD RI/frontend/assets/NotFound-BqoCoe3A.js.gz                     2.76kb / gzip: 0.90kb
dist/D:/Project/LMSetjen DPD RI/frontend/assets/NotFound-DFJVMe5k.css.gz                    4.80kb / gzip: 1.17kb
dist/D:/Project/LMSetjen DPD RI/frontend/assets/Login-Bb7wMQUA.css.gz                       8.53kb / gzip: 1.81kb
dist/D:/Project/LMSetjen DPD RI/frontend/assets/PasswordInput-SP7jL12F.css.gz               1.47kb / gzip: 0.49kb
dist/D:/Project/LMSetjen DPD RI/frontend/assets/PrivacyPolicy-dILbcInL.css.gz               1.31kb / gzip: 0.47kb
dist/D:/Project/LMSetjen DPD RI/frontend/assets/PrivacyPolicy-BXXFV9xm.js.gz                5.01kb / gzip: 1.62kb
dist/D:/Project/LMSetjen DPD RI/frontend/assets/Profile-4Xgj4PsY.css.gz                     17.42kb / gzip: 3.07kb
dist/D:/Project/LMSetjen DPD RI/frontend/assets/Profile-D6TrjKF0.js.gz                      13.05kb / gzip: 4.28kb
dist/D:/Project/LMSetjen DPD RI/frontend/assets/Profile-DUj6-KCJ.css.gz                     14.82kb / gzip: 2.94kb
dist/D:/Project/LMSetjen DPD RI/frontend/assets/Profile-BgVF_Rqr.js.gz                      22.26kb / gzip: 6.79kb
dist/D:/Project/LMSetjen DPD RI/frontend/assets/purify.es-DKmS7_S0.js.gz                    22.05kb / gzip: 8.30kb
dist/D:/Project/LMSetjen DPD RI/frontend/assets/QA-B8B3PMOA.css.gz                          36.95kb / gzip: 6.56kb
dist/D:/Project/LMSetjen DPD RI/frontend/assets/ReportsAdmin-DVS0ndDl.css.gz                17.88kb / gzip: 2.71kb
dist/D:/Project/LMSetjen DPD RI/frontend/assets/Review-BEfhR-E_.css.gz                      19.86kb / gzip: 3.34kb
dist/D:/Project/LMSetjen DPD RI/frontend/assets/QA-BIF-Lny4.js.gz                           36.37kb / gzip: 8.80kb
dist/D:/Project/LMSetjen DPD RI/frontend/assets/RichTextEditor-BYw92nPn.js.gz               2.67kb / gzip: 1.15kb
dist/D:/Project/LMSetjen DPD RI/frontend/assets/ReportsAdmin-BzXMVtKF.js.gz                 18.42kb / gzip: 3.52kb
dist/D:/Project/LMSetjen DPD RI/frontend/assets/RoleIndicator-CRqyfLRm.js.gz                4.45kb / gzip: 1.54kb
dist/D:/Project/LMSetjen DPD RI/frontend/assets/RoleIndicator-BN0Xpdmf.css.gz               7.89kb / gzip: 1.80kb
dist/D:/Project/LMSetjen DPD RI/frontend/assets/Review-Du2TN77i.js.gz                       18.75kb / gzip: 4.82kb
dist/D:/Project/LMSetjen DPD RI/frontend/assets/RoleSelectionModal-B_XQzoYk.css.gz          3.51kb / gzip: 1.15kb
dist/D:/Project/LMSetjen DPD RI/frontend/assets/RoleSelectionModal-kTwnTzfe.js.gz           3.11kb / gzip: 1.20kb
dist/D:/Project/LMSetjen DPD RI/frontend/assets/roleUtils-DEBjPRZ3.js.gz                    1.09kb / gzip: 0.56kb
dist/D:/Project/LMSetjen DPD RI/frontend/assets/SertifikatKursus-BdQ67cPx.css.gz            13.83kb / gzip: 2.91kb
dist/D:/Project/LMSetjen DPD RI/frontend/assets/SSOLogin-BKfzchX1.css.gz                    2.35kb / gzip: 0.78kb
dist/D:/Project/LMSetjen DPD RI/frontend/assets/Search-n9qUbApy.js.gz                       18.33kb / gzip: 5.41kb
dist/D:/Project/LMSetjen DPD RI/frontend/assets/SertifikatKursus-jTRELZUz.js.gz             9.44kb / gzip: 3.06kb
dist/D:/Project/LMSetjen DPD RI/frontend/assets/Search-DoE42RbM.css.gz                      18.41kb / gzip: 4.04kb
dist/D:/Project/LMSetjen DPD RI/frontend/assets/SkeletonComponents-IiVrYVda.css.gz          4.08kb / gzip: 1.17kb
dist/D:/Project/LMSetjen DPD RI/frontend/assets/SkeletonComponents-XxXHC7sf.js.gz           2.54kb / gzip: 0.82kb
dist/D:/Project/LMSetjen DPD RI/frontend/assets/SSOLogin-DDLV6Ybm.js.gz                     4.35kb / gzip: 1.79kb
dist/D:/Project/LMSetjen DPD RI/frontend/assets/Students-BT8f2kgg.css.gz                    6.49kb / gzip: 1.54kb
dist/D:/Project/LMSetjen DPD RI/frontend/assets/Students-BYQcO2mh.js.gz                     5.09kb / gzip: 1.88kb
dist/D:/Project/LMSetjen DPD RI/frontend/assets/Tentang-Dk77ihF_.css.gz                     2.73kb / gzip: 0.81kb
dist/D:/Project/LMSetjen DPD RI/frontend/assets/SystemDocumentation-BpjhYA3y.css.gz         8.66kb / gzip: 2.09kb
dist/D:/Project/LMSetjen DPD RI/frontend/assets/Tentang-K_gGbiIi.js.gz                      4.93kb / gzip: 1.47kb
dist/D:/Project/LMSetjen DPD RI/frontend/assets/TeacherNotification-CpEqOImU.css.gz         7.63kb / gzip: 1.72kb
dist/D:/Project/LMSetjen DPD RI/frontend/assets/TeacherNotification-m-y-jUKn.js.gz          7.34kb / gzip: 2.27kb
dist/D:/Project/LMSetjen DPD RI/frontend/assets/Testimonials-Dcwru8Tr.js.gz                 5.33kb / gzip: 1.85kb
dist/D:/Project/LMSetjen DPD RI/frontend/assets/TermsAndConditions-BQUMwx_r.js.gz           5.13kb / gzip: 1.66kb
dist/D:/Project/LMSetjen DPD RI/frontend/assets/TestimonialSubmitForm-CzASS7KX.js.gz        5.20kb / gzip: 2.06kb
dist/D:/Project/LMSetjen DPD RI/frontend/assets/Testimonials-e7dKYnUh.css.gz                8.35kb / gzip: 1.79kb
dist/D:/Project/LMSetjen DPD RI/frontend/assets/Testimonials-RsRuZiU6.js.gz                 5.38kb / gzip: 1.87kb
dist/D:/Project/LMSetjen DPD RI/frontend/assets/SystemDocumentation-BRyiYxPc.js.gz          39.46kb / gzip: 10.38kb
dist/D:/Project/LMSetjen DPD RI/frontend/assets/Testimonials-DxEN_FeW.css.gz                8.47kb / gzip: 1.79kb
dist/D:/Project/LMSetjen DPD RI/frontend/assets/UserGuide-vYlJ1QjG.css.gz                   8.32kb / gzip: 1.95kb
dist/D:/Project/LMSetjen DPD RI/frontend/assets/UserGuide-BES5qhCr.js.gz                    30.53kb / gzip: 8.39kb
dist/D:/Project/LMSetjen DPD RI/frontend/assets/Wishlist-D5z_Z8Oe.css.gz                    7.97kb / gzip: 1.83kb
dist/D:/Project/LMSetjen DPD RI/frontend/assets/ui-vendor-Epn7esgn.js.gz                    27.43kb / gzip: 9.56kb
dist/D:/Project/LMSetjen DPD RI/frontend/assets/WorkflowStepper-UmBvpMBf.js.gz              2.66kb / gzip: 0.93kb
dist/D:/Project/LMSetjen DPD RI/frontend/assets/UsersAdmin-C9b6sXGn.js.gz                   38.12kb / gzip: 8.93kb
dist/D:/Project/LMSetjen DPD RI/frontend/assets/Wishlist-BOiWMbOD.js.gz                     7.28kb / gzip: 2.54kb
dist/D:/Project/LMSetjen DPD RI/frontend/assets/WorkflowStepper-CnOrTqok.css.gz             2.14kb / gzip: 0.79kb
dist/D:/Project/LMSetjen DPD RI/frontend/index.html.gz                                      7.04kb / gzip: 2.28kb
dist/D:/Project/LMSetjen DPD RI/frontend/assets/UsersAdmin-CFTWDcZZ.css.gz                  44.30kb / gzip: 7.96kb
dist/D:/Project/LMSetjen DPD RI/frontend/assets/CourseDetail-CMKyNquj.css.gz                138.01kb / gzip: 22.64kb
dist/D:/Project/LMSetjen DPD RI/frontend/assets/CourseEditCurriculum-UMsr4Som.js.gz         102.55kb / gzip: 29.22kb
dist/D:/Project/LMSetjen DPD RI/frontend/assets/utils-vendor-Bb-I7gjo.js.gz                 47.14kb / gzip: 18.33kb
dist/D:/Project/LMSetjen DPD RI/frontend/assets/index-SL-0Th6V.js.gz                        127.98kb / gzip: 34.96kb
dist/D:/Project/LMSetjen DPD RI/frontend/assets/index-CZ_O9jZR.css.gz                       288.03kb / gzip: 40.23kb
dist/D:/Project/LMSetjen DPD RI/frontend/assets/index.es-CcazhOcq.js.gz                     152.39kb / gzip: 49.70kb
dist/D:/Project/LMSetjen DPD RI/frontend/assets/react-vendor-D2_7faIU.js.gz                 156.32kb / gzip: 51.02kb
dist/D:/Project/LMSetjen DPD RI/frontend/assets/chart-vendor-CU7R3bi7.js.gz                 515.72kb / gzip: 157.26kb
dist/D:/Project/LMSetjen DPD RI/frontend/assets/CourseDetail-CX34cWVz.js.gz                 719.14kb / gzip: 201.18kb
dist/D:/Project/LMSetjen DPD RI/frontend/assets/editor-vendor-weqQ_nQu.js.gz                1117.93kb / gzip: 272.99kb



Γ£¿ [vite-plugin-compression]:algorithm=brotliCompress - compressed file successfully: 
dist/D:/Project/LMSetjen DPD RI/frontend/assets/BaseFooter-kWB_cIdf.css.br                  3.38kb / brotliCompress: 0.83kb
dist/D:/Project/LMSetjen DPD RI/frontend/assets/AdminFeedback-C5sTpErQ.css.br               5.41kb / brotliCompress: 1.30kb
dist/D:/Project/LMSetjen DPD RI/frontend/assets/AdminFeedback-n79MmEWC.js.br                9.64kb / brotliCompress: 2.38kb
dist/D:/Project/LMSetjen DPD RI/frontend/assets/AdminCourseReviewDetail-5mnrF8YS.css.br     13.83kb / brotliCompress: 2.44kb
dist/D:/Project/LMSetjen DPD RI/frontend/assets/BaseFooter-By7zuHMF.js.br                   6.29kb / brotliCompress: 1.86kb
dist/D:/Project/LMSetjen DPD RI/frontend/assets/AdminHeader-LC2Q9C23.css.br                 17.60kb / brotliCompress: 2.79kb
dist/D:/Project/LMSetjen DPD RI/frontend/assets/BaseHeader-6YRqGbOu.css.br                  18.67kb / brotliCompress: 3.31kb
dist/D:/Project/LMSetjen DPD RI/frontend/assets/Capaian-BsTTiWBo.js.br                      5.34kb / brotliCompress: 1.62kb
dist/D:/Project/LMSetjen DPD RI/frontend/assets/AdminHeader-DFrMyzYg.js.br                  5.63kb / brotliCompress: 1.65kb
dist/D:/Project/LMSetjen DPD RI/frontend/assets/BaseHeader-C_NpwbLq.js.br                   14.11kb / brotliCompress: 3.97kb
dist/D:/Project/LMSetjen DPD RI/frontend/assets/AdminCourseReviewDetail-8PgvMoCL.js.br      19.95kb / brotliCompress: 4.24kb
dist/D:/Project/LMSetjen DPD RI/frontend/assets/ComingSoonModal-BTIF7wNH.css.br             1.72kb / brotliCompress: 0.54kb
dist/D:/Project/LMSetjen DPD RI/frontend/assets/Capaian-CRas7W7-.css.br                     4.44kb / brotliCompress: 0.94kb
dist/D:/Project/LMSetjen DPD RI/frontend/assets/CertificateValidation-B7dF9qjf.css.br       8.74kb / brotliCompress: 1.80kb
dist/D:/Project/LMSetjen DPD RI/frontend/assets/CertificateValidation-KTISlWMj.js.br        6.08kb / brotliCompress: 1.48kb
dist/D:/Project/LMSetjen DPD RI/frontend/assets/Contact-BX-jHFJE.css.br                     2.47kb / brotliCompress: 0.59kb
dist/D:/Project/LMSetjen DPD RI/frontend/assets/Contact-DlGJflJO.js.br                      4.09kb / brotliCompress: 1.21kb
dist/D:/Project/LMSetjen DPD RI/frontend/assets/CookiePolicy-CcFvHgCo.js.br                 5.87kb / brotliCompress: 1.61kb
dist/D:/Project/LMSetjen DPD RI/frontend/assets/ContentManagementAdmin-peMacY_5.css.br      14.73kb / brotliCompress: 2.86kb
dist/D:/Project/LMSetjen DPD RI/frontend/assets/CountrySelector-CLQsi55H.css.br             15.95kb / brotliCompress: 3.09kb
dist/D:/Project/LMSetjen DPD RI/frontend/assets/ContentManagementAdmin-BAT7CGk0.js.br       31.80kb / brotliCompress: 6.62kb
dist/D:/Project/LMSetjen DPD RI/frontend/assets/CourseCreate-DrYI194S.js.br                 12.25kb / brotliCompress: 3.82kb
dist/D:/Project/LMSetjen DPD RI/frontend/assets/CourseCreate-BOfuhF2r.css.br                18.07kb / brotliCompress: 3.16kb
dist/D:/Project/LMSetjen DPD RI/frontend/assets/CountrySelector-CyTl1eN0.js.br              27.60kb / brotliCompress: 6.71kb
dist/D:/Project/LMSetjen DPD RI/frontend/assets/CourseEdit-0L9u6erX.css.br                  32.35kb / brotliCompress: 5.24kb
dist/D:/Project/LMSetjen DPD RI/frontend/assets/CourseDetail-CcPszu5X.css.br                13.06kb / brotliCompress: 2.66kb
dist/D:/Project/LMSetjen DPD RI/frontend/assets/CourseEdit-ClK2M_Rn.js.br                   53.10kb / brotliCompress: 9.55kb
dist/D:/Project/LMSetjen DPD RI/frontend/assets/CourseEditCurriculum-DhpARQPN.css.br        18.75kb / brotliCompress: 3.49kb
dist/D:/Project/LMSetjen DPD RI/frontend/assets/CourseQuiz-BRN_d_RK.js.br                   17.65kb / brotliCompress: 3.88kb
dist/D:/Project/LMSetjen DPD RI/frontend/assets/CourseDetail-Bku26QzQ.js.br                 70.56kb / brotliCompress: 12.36kb
dist/D:/Project/LMSetjen DPD RI/frontend/assets/Courses-BfhQJ25o.js.br                      7.98kb / brotliCompress: 2.25kb
dist/D:/Project/LMSetjen DPD RI/frontend/assets/Courses-BgLy0j1m.css.br                     13.17kb / brotliCompress: 2.11kb
dist/D:/Project/LMSetjen DPD RI/frontend/assets/CourseLearningOutcomesForm-DiglU0hQ.js.br   40.01kb / brotliCompress: 8.16kb
dist/D:/Project/LMSetjen DPD RI/frontend/assets/CourseQuiz-DI7ydMtm.css.br                  23.54kb / brotliCompress: 4.23kb
dist/D:/Project/LMSetjen DPD RI/frontend/assets/Courses-DSfgCn6Z.js.br                      8.88kb / brotliCompress: 2.77kb
dist/D:/Project/LMSetjen DPD RI/frontend/assets/Courses-R9ic1xVa.css.br                     12.79kb / brotliCompress: 2.18kb
dist/D:/Project/LMSetjen DPD RI/frontend/assets/CreateNewPassword-DjAirRqP.js.br            7.40kb / brotliCompress: 2.13kb
dist/D:/Project/LMSetjen DPD RI/frontend/assets/CreateNewPassword--71ATifa.css.br           5.68kb / brotliCompress: 1.11kb
dist/D:/Project/LMSetjen DPD RI/frontend/assets/Dashboard-aAhtbwzV.js.br                    15.48kb / brotliCompress: 3.38kb
dist/D:/Project/LMSetjen DPD RI/frontend/assets/Dashboard-B1WQkZgP.js.br                    14.23kb / brotliCompress: 3.24kb
dist/D:/Project/LMSetjen DPD RI/frontend/assets/Dashboard-B54Fkzqb.css.br                   16.32kb / brotliCompress: 2.74kb
dist/D:/Project/LMSetjen DPD RI/frontend/assets/DashboardAdmin-B7-TnpRb.css.br              26.88kb / brotliCompress: 4.78kb
dist/D:/Project/LMSetjen DPD RI/frontend/assets/durationUtils-LXdGLpjU.js.br                1.64kb / brotliCompress: 0.62kb
dist/D:/Project/LMSetjen DPD RI/frontend/assets/dayjs-CLlczP5v.js.br                        10.24kb / brotliCompress: 3.68kb
dist/D:/Project/LMSetjen DPD RI/frontend/assets/Footer-CVdkLJse.js.br                       1.20kb / brotliCompress: 0.48kb
dist/D:/Project/LMSetjen DPD RI/frontend/assets/Dashboard-qAuVAnUI.css.br                   17.40kb / brotliCompress: 2.73kb
dist/D:/Project/LMSetjen DPD RI/frontend/assets/ForgotPassword-DSqEhJ3e.css.br              4.05kb / brotliCompress: 0.86kb
dist/D:/Project/LMSetjen DPD RI/frontend/assets/Footer-XV_Sp6gO.css.br                      1.95kb / brotliCompress: 0.51kb
dist/D:/Project/LMSetjen DPD RI/frontend/assets/ForgotPassword-lm6k8pOW.js.br               4.62kb / brotliCompress: 1.50kb
dist/D:/Project/LMSetjen DPD RI/frontend/assets/Header-BLyckx9n.js.br                       9.75kb / brotliCompress: 2.25kb
dist/D:/Project/LMSetjen DPD RI/frontend/assets/Header-DeKBzrpI.css.br                      31.25kb / brotliCompress: 4.56kb
dist/D:/Project/LMSetjen DPD RI/frontend/assets/Header-DgvGHvP6.css.br                      35.86kb / brotliCompress: 4.92kb
dist/D:/Project/LMSetjen DPD RI/frontend/assets/Header-D7VKBo39.js.br                       12.05kb / brotliCompress: 2.51kb
dist/D:/Project/LMSetjen DPD RI/frontend/assets/DashboardAdmin-B_YzK6yM.js.br               55.34kb / brotliCompress: 9.06kb
dist/D:/Project/LMSetjen DPD RI/frontend/assets/index-DTi_fBFN.js.br                        19.06kb / brotliCompress: 5.66kb
dist/D:/Project/LMSetjen DPD RI/frontend/assets/index-DZ_D6sp8.js.br                        6.32kb / brotliCompress: 2.39kb
dist/D:/Project/LMSetjen DPD RI/frontend/assets/Index-BcsLDMVJ.js.br                        55.46kb / brotliCompress: 8.36kb
dist/D:/Project/LMSetjen DPD RI/frontend/assets/Index-InfJRy3u.css.br                       26.87kb / brotliCompress: 4.38kb
dist/D:/Project/LMSetjen DPD RI/frontend/assets/InstructorCoursePreview-CZ36h730.js.br      16.00kb / brotliCompress: 3.47kb
dist/D:/Project/LMSetjen DPD RI/frontend/assets/InstructorProfilePage-FpElkeOw.css.br       16.78kb / brotliCompress: 2.61kb
dist/D:/Project/LMSetjen DPD RI/frontend/assets/InstructorProfilePage-DAk0-7Xj.js.br        10.33kb / brotliCompress: 2.54kb
dist/D:/Project/LMSetjen DPD RI/frontend/assets/InstructorCoursePreview-Dxau_YkU.css.br     9.04kb / brotliCompress: 1.74kb
dist/D:/Project/LMSetjen DPD RI/frontend/assets/LoadingSpinner-BQXzP5g5.css.br              1.49kb / brotliCompress: 0.51kb
dist/D:/Project/LMSetjen DPD RI/frontend/assets/Login-8-QcMdVz.js.br                        8.92kb / brotliCompress: 2.91kb
dist/D:/Project/LMSetjen DPD RI/frontend/assets/Login-Bb7wMQUA.css.br                       8.53kb / brotliCompress: 1.52kb
dist/D:/Project/LMSetjen DPD RI/frontend/assets/NotFound-BqoCoe3A.js.br                     2.76kb / brotliCompress: 0.82kb
dist/D:/Project/LMSetjen DPD RI/frontend/assets/NotFound-DFJVMe5k.css.br                    4.80kb / brotliCompress: 0.95kb
dist/D:/Project/LMSetjen DPD RI/frontend/assets/PasswordInput-SP7jL12F.css.br               1.47kb / brotliCompress: 0.37kb
dist/D:/Project/LMSetjen DPD RI/frontend/assets/PrivacyPolicy-BXXFV9xm.js.br                5.01kb / brotliCompress: 1.51kb
dist/D:/Project/LMSetjen DPD RI/frontend/assets/PrivacyPolicy-dILbcInL.css.br               1.31kb / brotliCompress: 0.36kb
dist/D:/Project/LMSetjen DPD RI/frontend/assets/Profile-4Xgj4PsY.css.br                     17.42kb / brotliCompress: 2.70kb
dist/D:/Project/LMSetjen DPD RI/frontend/assets/Profile-BgVF_Rqr.js.br                      22.26kb / brotliCompress: 6.11kb
dist/D:/Project/LMSetjen DPD RI/frontend/assets/Profile-DUj6-KCJ.css.br                     14.82kb / brotliCompress: 2.57kb
dist/D:/Project/LMSetjen DPD RI/frontend/assets/Profile-D6TrjKF0.js.br                      13.05kb / brotliCompress: 3.86kb
dist/D:/Project/LMSetjen DPD RI/frontend/assets/purify.es-DKmS7_S0.js.br                    22.05kb / brotliCompress: 7.40kb
dist/D:/Project/LMSetjen DPD RI/frontend/assets/QA-BIF-Lny4.js.br                           36.37kb / brotliCompress: 7.91kb
dist/D:/Project/LMSetjen DPD RI/frontend/assets/QA-B8B3PMOA.css.br                          36.95kb / brotliCompress: 5.83kb
dist/D:/Project/LMSetjen DPD RI/frontend/assets/ReportsAdmin-BzXMVtKF.js.br                 18.42kb / brotliCompress: 3.13kb
dist/D:/Project/LMSetjen DPD RI/frontend/assets/ReportsAdmin-DVS0ndDl.css.br                17.88kb / brotliCompress: 2.24kb
dist/D:/Project/LMSetjen DPD RI/frontend/assets/RichTextEditor-BYw92nPn.js.br               2.67kb / brotliCompress: 1.01kb
dist/D:/Project/LMSetjen DPD RI/frontend/assets/Review-BEfhR-E_.css.br                      19.86kb / brotliCompress: 2.92kb
dist/D:/Project/LMSetjen DPD RI/frontend/assets/Review-Du2TN77i.js.br                       18.75kb / brotliCompress: 4.31kb
dist/D:/Project/LMSetjen DPD RI/frontend/assets/RoleIndicator-BN0Xpdmf.css.br               7.89kb / brotliCompress: 1.50kb
dist/D:/Project/LMSetjen DPD RI/frontend/assets/RoleSelectionModal-B_XQzoYk.css.br          3.51kb / brotliCompress: 0.95kb
dist/D:/Project/LMSetjen DPD RI/frontend/assets/RoleIndicator-CRqyfLRm.js.br                4.45kb / brotliCompress: 1.37kb
dist/D:/Project/LMSetjen DPD RI/frontend/assets/RoleSelectionModal-kTwnTzfe.js.br           3.11kb / brotliCompress: 1.08kb
dist/D:/Project/LMSetjen DPD RI/frontend/assets/roleUtils-DEBjPRZ3.js.br                    1.09kb / brotliCompress: 0.48kb
dist/D:/Project/LMSetjen DPD RI/frontend/assets/SertifikatKursus-jTRELZUz.js.br             9.44kb / brotliCompress: 2.73kb
dist/D:/Project/LMSetjen DPD RI/frontend/assets/SertifikatKursus-BdQ67cPx.css.br            13.83kb / brotliCompress: 2.55kb
dist/D:/Project/LMSetjen DPD RI/frontend/assets/Search-DoE42RbM.css.br                      18.41kb / brotliCompress: 3.56kb
dist/D:/Project/LMSetjen DPD RI/frontend/assets/SkeletonComponents-XxXHC7sf.js.br           2.54kb / brotliCompress: 0.72kb
dist/D:/Project/LMSetjen DPD RI/frontend/assets/Search-n9qUbApy.js.br                       18.33kb / brotliCompress: 4.92kb
dist/D:/Project/LMSetjen DPD RI/frontend/assets/SkeletonComponents-IiVrYVda.css.br          4.08kb / brotliCompress: 1.00kb
dist/D:/Project/LMSetjen DPD RI/frontend/assets/SSOLogin-BKfzchX1.css.br                    2.35kb / brotliCompress: 0.65kb
dist/D:/Project/LMSetjen DPD RI/frontend/assets/SSOLogin-DDLV6Ybm.js.br                     4.35kb / brotliCompress: 1.62kb
dist/D:/Project/LMSetjen DPD RI/frontend/assets/Students-BT8f2kgg.css.br                    6.49kb / brotliCompress: 1.33kb
dist/D:/Project/LMSetjen DPD RI/frontend/assets/Students-BYQcO2mh.js.br                     5.09kb / brotliCompress: 1.69kb
dist/D:/Project/LMSetjen DPD RI/frontend/assets/SystemDocumentation-BpjhYA3y.css.br         8.66kb / brotliCompress: 1.75kb
dist/D:/Project/LMSetjen DPD RI/frontend/assets/Tentang-Dk77ihF_.css.br                     2.73kb / brotliCompress: 0.65kb
dist/D:/Project/LMSetjen DPD RI/frontend/assets/TeacherNotification-m-y-jUKn.js.br          7.34kb / brotliCompress: 2.01kb
dist/D:/Project/LMSetjen DPD RI/frontend/assets/TeacherNotification-CpEqOImU.css.br         7.63kb / brotliCompress: 1.49kb
dist/D:/Project/LMSetjen DPD RI/frontend/assets/TermsAndConditions-BQUMwx_r.js.br           5.13kb / brotliCompress: 1.55kb
dist/D:/Project/LMSetjen DPD RI/frontend/assets/Tentang-K_gGbiIi.js.br                      4.93kb / brotliCompress: 1.36kb
dist/D:/Project/LMSetjen DPD RI/frontend/assets/Testimonials-Dcwru8Tr.js.br                 5.33kb / brotliCompress: 1.64kb
dist/D:/Project/LMSetjen DPD RI/frontend/assets/Testimonials-RsRuZiU6.js.br                 5.38kb / brotliCompress: 1.67kb
dist/D:/Project/LMSetjen DPD RI/frontend/assets/TestimonialSubmitForm-CzASS7KX.js.br        5.20kb / brotliCompress: 1.87kb
dist/D:/Project/LMSetjen DPD RI/frontend/assets/Testimonials-e7dKYnUh.css.br                8.35kb / brotliCompress: 1.53kb
dist/D:/Project/LMSetjen DPD RI/frontend/assets/Testimonials-DxEN_FeW.css.br                8.47kb / brotliCompress: 1.53kb
dist/D:/Project/LMSetjen DPD RI/frontend/assets/UserGuide-vYlJ1QjG.css.br                   8.32kb / brotliCompress: 1.67kb
dist/D:/Project/LMSetjen DPD RI/frontend/assets/Wishlist-BOiWMbOD.js.br                     7.28kb / brotliCompress: 2.30kb
dist/D:/Project/LMSetjen DPD RI/frontend/assets/SystemDocumentation-BRyiYxPc.js.br          39.46kb / brotliCompress: 8.92kb
dist/D:/Project/LMSetjen DPD RI/frontend/assets/UserGuide-BES5qhCr.js.br                    30.53kb / brotliCompress: 7.23kb
dist/D:/Project/LMSetjen DPD RI/frontend/assets/ui-vendor-Epn7esgn.js.br                    27.43kb / brotliCompress: 8.51kb
dist/D:/Project/LMSetjen DPD RI/frontend/assets/WorkflowStepper-CnOrTqok.css.br             2.14kb / brotliCompress: 0.62kb
dist/D:/Project/LMSetjen DPD RI/frontend/assets/Wishlist-D5z_Z8Oe.css.br                    7.97kb / brotliCompress: 1.59kb
dist/D:/Project/LMSetjen DPD RI/frontend/assets/WorkflowStepper-UmBvpMBf.js.br              2.66kb / brotliCompress: 0.82kb
dist/D:/Project/LMSetjen DPD RI/frontend/assets/UsersAdmin-C9b6sXGn.js.br                   38.12kb / brotliCompress: 7.96kb
dist/D:/Project/LMSetjen DPD RI/frontend/index.html.br                                      7.04kb / brotliCompress: 1.85kb
dist/D:/Project/LMSetjen DPD RI/frontend/assets/UsersAdmin-CFTWDcZZ.css.br                  44.30kb / brotliCompress: 6.94kb
dist/D:/Project/LMSetjen DPD RI/frontend/assets/CourseEditCurriculum-UMsr4Som.js.br         102.55kb / brotliCompress: 25.88kb
dist/D:/Project/LMSetjen DPD RI/frontend/assets/CourseDetail-CMKyNquj.css.br                138.01kb / brotliCompress: 19.16kb
dist/D:/Project/LMSetjen DPD RI/frontend/assets/index-SL-0Th6V.js.br                        127.98kb / brotliCompress: 30.45kb
dist/D:/Project/LMSetjen DPD RI/frontend/assets/utils-vendor-Bb-I7gjo.js.br                 47.14kb / brotliCompress: 16.65kb
dist/D:/Project/LMSetjen DPD RI/frontend/assets/index.es-CcazhOcq.js.br                     152.39kb / brotliCompress: 43.55kb
dist/D:/Project/LMSetjen DPD RI/frontend/assets/index-CZ_O9jZR.css.br                       288.03kb / brotliCompress: 30.49kb
dist/D:/Project/LMSetjen DPD RI/frontend/assets/react-vendor-D2_7faIU.js.br                 156.32kb / brotliCompress: 44.62kb
dist/D:/Project/LMSetjen DPD RI/frontend/assets/chart-vendor-CU7R3bi7.js.br                 515.72kb / brotliCompress: 132.32kb
dist/D:/Project/LMSetjen DPD RI/frontend/assets/CourseDetail-CX34cWVz.js.br                 719.14kb / brotliCompress: 165.77kb
dist/D:/Project/LMSetjen DPD RI/frontend/assets/editor-vendor-weqQ_nQu.js.br                1117.93kb / brotliCompress: 214.93kb


