
> frontend@0.0.0 build
> vite build

[36mvite v4.5.14 [32mbuilding for production...[36m[39m
transforming...
node.exe : src/views/instructor/CourseEdit.jsx (245:39) Use of eval in "src/views/instructor/CourseEdit.jsx" is strongly 
discouraged as it poses security risks and may cause issues with minification.
At line:1 char:1
+ & "C:\Program Files\nodejs/node.exe" "C:\Program Files\nodejs/node_mo ...
+ ~~~~~~~~~~~~~~~~~~~~~~~~~~~~~~~~~~~~~~~~~~~~~~~~~~~~~~~~~~~~~~~~~~~~~
    + CategoryInfo          : NotSpecified: (src/views/instr...h minification.:String) [], RemoteException
    + FullyQualifiedErrorId : NativeCommandError
 
src/views/instructor/CourseEdit.jsx (246:25) Use of eval in "src/views/instructor/CourseEdit.jsx" is strongly 
discouraged as it poses security risks and may cause issues with minification.
src/views/instructor/CourseEdit.jsx (247:25) Use of eval in "src/views/instructor/CourseEdit.jsx" is strongly 
discouraged as it poses security risks and may cause issues with minification.
[32mΓ£ô[39m 1728 modules transformed.
rendering chunks...
computing gzip size...
[2mdist/[22m[32massets/logo-32-4973530c.png                  [39m[1m[2m    4.78 kB[22m[1m[22m
[2mdist/[22m[32mindex.html                                   [39m[1m[2m   10.15 kB[22m[1m[22m[2m Γöé gzip:   3.60 kB[22m
[2mdist/[22m[32massets/logo-180-b6858ba0.png                 [39m[1m[2m   48.41 kB[22m[1m[22m
[2mdist/[22m[32massets/logo-192-1d3dadac.png                 [39m[1m[2m   52.78 kB[22m[1m[22m
[2mdist/[22m[32massets/certificate-bg-622a65e3.png           [39m[1m[2m  216.15 kB[22m[1m[22m
[2mdist/[22m[32massets/background-5069d471.jpg               [39m[1m[2m  226.82 kB[22m[1m[22m
[2mdist/[22m[35massets/WorkflowStepper-609996bb.css          [39m[1m[2m    2.27 kB[22m[1m[22m[2m Γöé gzip:   0.82 kB[22m
[2mdist/[22m[35massets/Students-5f0988c4.css                 [39m[1m[2m    3.51 kB[22m[1m[22m[2m Γöé gzip:   1.13 kB[22m
[2mdist/[22m[35massets/ForgotPassword-b63df585.css           [39m[1m[2m    3.96 kB[22m[1m[22m[2m Γöé gzip:   1.04 kB[22m
[2mdist/[22m[35massets/Courses-47731786.css                  [39m[1m[2m    4.14 kB[22m[1m[22m[2m Γöé gzip:   1.14 kB[22m
[2mdist/[22m[35massets/Register-63fe2c49.css                 [39m[1m[2m    4.43 kB[22m[1m[22m[2m Γöé gzip:   1.09 kB[22m
[2mdist/[22m[35massets/Wishlist-d9a4890c.css                 [39m[1m[2m    4.47 kB[22m[1m[22m[2m Γöé gzip:   1.32 kB[22m
[2mdist/[22m[35massets/Login-2b4c8ab8.css                    [39m[1m[2m    4.50 kB[22m[1m[22m[2m Γöé gzip:   1.10 kB[22m
[2mdist/[22m[35massets/ReactCrop-81a223ce.css                [39m[1m[2m    5.02 kB[22m[1m[22m[2m Γöé gzip:   1.19 kB[22m
[2mdist/[22m[35massets/NotFound-02ab74ac.css                 [39m[1m[2m    5.04 kB[22m[1m[22m[2m Γöé gzip:   1.24 kB[22m
[2mdist/[22m[35massets/ChangePassword-9ed7ad64.css           [39m[1m[2m    5.51 kB[22m[1m[22m[2m Γöé gzip:   1.54 kB[22m
[2mdist/[22m[35massets/CreateNewPassword-cbaadd93.css        [39m[1m[2m    5.60 kB[22m[1m[22m[2m Γöé gzip:   1.35 kB[22m
[2mdist/[22m[35massets/ChangePassword-c369a1ca.css           [39m[1m[2m    5.69 kB[22m[1m[22m[2m Γöé gzip:   1.54 kB[22m
[2mdist/[22m[35massets/AdminHeader-2784b61c.css              [39m[1m[2m    5.95 kB[22m[1m[22m[2m Γöé gzip:   1.63 kB[22m
[2mdist/[22m[35massets/ProfilePictureCropModal-b1405c51.css  [39m[1m[2m    6.33 kB[22m[1m[22m[2m Γöé gzip:   1.71 kB[22m
[2mdist/[22m[35massets/Courses-cd6b663b.css                  [39m[1m[2m    6.42 kB[22m[1m[22m[2m Γöé gzip:   1.79 kB[22m
[2mdist/[22m[35massets/QA-2b64176b.css                       [39m[1m[2m    6.83 kB[22m[1m[22m[2m Γöé gzip:   1.65 kB[22m
[2mdist/[22m[35massets/Header-0b777ab0.css                   [39m[1m[2m    6.97 kB[22m[1m[22m[2m Γöé gzip:   1.56 kB[22m
[2mdist/[22m[35massets/BaseHeader-a3181679.css               [39m[1m[2m    7.23 kB[22m[1m[22m[2m Γöé gzip:   1.76 kB[22m
[2mdist/[22m[35massets/CourseDetail-c713494c.css             [39m[1m[2m    7.78 kB[22m[1m[22m[2m Γöé gzip:   2.16 kB[22m
[2mdist/[22m[35massets/DashboardAdmin-fd7c85d9.css           [39m[1m[2m    9.13 kB[22m[1m[22m[2m Γöé gzip:   2.15 kB[22m
[2mdist/[22m[35massets/CourseEditCurriculum-918e5d75.css     [39m[1m[2m   10.06 kB[22m[1m[22m[2m Γöé gzip:   2.52 kB[22m
[2mdist/[22m[35massets/Profile-b4387281.css                  [39m[1m[2m   10.13 kB[22m[1m[22m[2m Γöé gzip:   2.23 kB[22m
[2mdist/[22m[35massets/Dashboard-20777b45.css                [39m[1m[2m   11.83 kB[22m[1m[22m[2m Γöé gzip:   2.49 kB[22m
[2mdist/[22m[35massets/Header-5bc5029b.css                   [39m[1m[2m   11.88 kB[22m[1m[22m[2m Γöé gzip:   2.30 kB[22m
[2mdist/[22m[35massets/Search-279d5701.css                   [39m[1m[2m   12.99 kB[22m[1m[22m[2m Γöé gzip:   2.99 kB[22m
[2mdist/[22m[35massets/Dashboard-abd888e2.css                [39m[1m[2m   13.31 kB[22m[1m[22m[2m Γöé gzip:   2.75 kB[22m
[2mdist/[22m[35massets/Profile-55542713.css                  [39m[1m[2m   13.63 kB[22m[1m[22m[2m Γöé gzip:   2.62 kB[22m
[2mdist/[22m[35massets/Index-5a0d3ed3.css                    [39m[1m[2m   14.16 kB[22m[1m[22m[2m Γöé gzip:   2.76 kB[22m
[2mdist/[22m[35massets/index-7e5674fe.css                    [39m[1m[2m   16.99 kB[22m[1m[22m[2m Γöé gzip:   2.97 kB[22m
[2mdist/[22m[35massets/CourseCreate-7f4f08bd.css             [39m[1m[2m   23.52 kB[22m[1m[22m[2m Γöé gzip:   5.04 kB[22m
[2mdist/[22m[35massets/UsersAdmin-f63ce6d2.css               [39m[1m[2m   23.63 kB[22m[1m[22m[2m Γöé gzip:   4.56 kB[22m
[2mdist/[22m[35massets/QA-a6c6c24b.css                       [39m[1m[2m   24.03 kB[22m[1m[22m[2m Γöé gzip:   4.48 kB[22m
[2mdist/[22m[35massets/CourseEdit-2f8aeb4e.css               [39m[1m[2m   25.42 kB[22m[1m[22m[2m Γöé gzip:   5.15 kB[22m
[2mdist/[22m[35massets/CourseQuiz-5cc34103.css               [39m[1m[2m   37.83 kB[22m[1m[22m[2m Γöé gzip:   6.99 kB[22m
[2mdist/[22m[35massets/CourseDetail-e394eff0.css             [39m[1m[2m   66.79 kB[22m[1m[22m[2m Γöé gzip:  11.73 kB[22m
[2mdist/[22m[36massets/logo-180-7a4752a8.js                  [39m[1m[2m    0.06 kB[22m[1m[22m[2m Γöé gzip:   0.08 kB[22m
[2mdist/[22m[36massets/silentAxios-9775da44.js               [39m[1m[2m    0.22 kB[22m[1m[22m[2m Γöé gzip:   0.20 kB[22m
[2mdist/[22m[36massets/imageUtils-d8a23556.js                [39m[1m[2m    1.03 kB[22m[1m[22m[2m Γöé gzip:   0.53 kB[22m
[2mdist/[22m[36massets/durationUtils-14e9d7f0.js             [39m[1m[2m    1.26 kB[22m[1m[22m[2m Γöé gzip:   0.59 kB[22m
[2mdist/[22m[36massets/Footer-fc1d5e1d.js                    [39m[1m[2m    1.87 kB[22m[1m[22m[2m Γöé gzip:   0.86 kB[22m
[2mdist/[22m[36massets/ProfilePictureCropModal-59bb25ea.js   [39m[1m[2m    2.00 kB[22m[1m[22m[2m Γöé gzip:   0.89 kB[22m
[2mdist/[22m[36massets/Mixcloud-5f32efe9.js                  [39m[1m[2m    2.66 kB[22m[1m[22m[2m Γöé gzip:   1.28 kB[22m
[2mdist/[22m[36massets/RichTextEditor-4960436c.js            [39m[1m[2m    2.68 kB[22m[1m[22m[2m Γöé gzip:   1.17 kB[22m
[2mdist/[22m[36massets/WorkflowStepper-98082e28.js           [39m[1m[2m    2.71 kB[22m[1m[22m[2m Γöé gzip:   0.94 kB[22m
[2mdist/[22m[36massets/Kaltura-12166177.js                   [39m[1m[2m    2.80 kB[22m[1m[22m[2m Γöé gzip:   1.31 kB[22m
[2mdist/[22m[36massets/Vidyard-93d94c94.js                   [39m[1m[2m    2.87 kB[22m[1m[22m[2m Γöé gzip:   1.33 kB[22m
[2mdist/[22m[36massets/NotFound-1bc55c3c.js                  [39m[1m[2m    2.92 kB[22m[1m[22m[2m Γöé gzip:   0.97 kB[22m
[2mdist/[22m[36massets/SoundCloud-d98c88f0.js                [39m[1m[2m    2.94 kB[22m[1m[22m[2m Γöé gzip:   1.37 kB[22m
[2mdist/[22m[36massets/Streamable-f7ba02b7.js                [39m[1m[2m    2.95 kB[22m[1m[22m[2m Γöé gzip:   1.34 kB[22m
[2mdist/[22m[36massets/DailyMotion-b9d0cfdd.js               [39m[1m[2m    2.97 kB[22m[1m[22m[2m Γöé gzip:   1.38 kB[22m
[2mdist/[22m[36massets/Preview-eab6e74c.js                   [39m[1m[2m    2.99 kB[22m[1m[22m[2m Γöé gzip:   1.42 kB[22m
[2mdist/[22m[36massets/Twitch-60ae0c92.js                    [39m[1m[2m    3.07 kB[22m[1m[22m[2m Γöé gzip:   1.40 kB[22m
[2mdist/[22m[36massets/Facebook-bd1df441.js                  [39m[1m[2m    3.22 kB[22m[1m[22m[2m Γöé gzip:   1.44 kB[22m
[2mdist/[22m[36massets/Wistia-80e3c9e4.js                    [39m[1m[2m    3.53 kB[22m[1m[22m[2m Γöé gzip:   1.52 kB[22m
[2mdist/[22m[36massets/Vimeo-b1b7e4ee.js                     [39m[1m[2m    3.65 kB[22m[1m[22m[2m Γöé gzip:   1.51 kB[22m
[2mdist/[22m[36massets/YouTube-987b3a23.js                   [39m[1m[2m    4.32 kB[22m[1m[22m[2m Γöé gzip:   1.95 kB[22m
[2mdist/[22m[36massets/ForgotPassword-3c2d8acc.js            [39m[1m[2m    4.69 kB[22m[1m[22m[2m Γöé gzip:   1.71 kB[22m
[2mdist/[22m[36massets/AdminHeader-619a3725.js               [39m[1m[2m    4.87 kB[22m[1m[22m[2m Γöé gzip:   1.50 kB[22m
[2mdist/[22m[36massets/BaseHeader-454f310f.js                [39m[1m[2m    4.92 kB[22m[1m[22m[2m Γöé gzip:   1.80 kB[22m
[2mdist/[22m[36massets/Students-2cd1ec34.js                  [39m[1m[2m    4.97 kB[22m[1m[22m[2m Γöé gzip:   1.78 kB[22m
[2mdist/[22m[36massets/Mux-abd3a382.js                       [39m[1m[2m    5.42 kB[22m[1m[22m[2m Γöé gzip:   1.96 kB[22m
[2mdist/[22m[36massets/Login-a1a22fd6.js                     [39m[1m[2m    6.07 kB[22m[1m[22m[2m Γöé gzip:   2.25 kB[22m
[2mdist/[22m[36massets/index-c44440e5.js                     [39m[1m[2m    6.46 kB[22m[1m[22m[2m Γöé gzip:   2.78 kB[22m
[2mdist/[22m[36massets/TeacherNotification-c9e0a510.js       [39m[1m[2m    6.53 kB[22m[1m[22m[2m Γöé gzip:   2.09 kB[22m
[2mdist/[22m[36massets/Courses-1e830c80.js                   [39m[1m[2m    6.87 kB[22m[1m[22m[2m Γöé gzip:   2.12 kB[22m
[2mdist/[22m[36massets/ChangePassword-7d3a0ee0.js            [39m[1m[2m    7.11 kB[22m[1m[22m[2m Γöé gzip:   2.52 kB[22m
[2mdist/[22m[36massets/ChangePassword-9e682ea2.js            [39m[1m[2m    7.22 kB[22m[1m[22m[2m Γöé gzip:   2.54 kB[22m
[2mdist/[22m[36massets/Wishlist-f07c9565.js                  [39m[1m[2m    7.33 kB[22m[1m[22m[2m Γöé gzip:   2.52 kB[22m
[2mdist/[22m[36massets/CreateNewPassword-86b55d7b.js         [39m[1m[2m    7.71 kB[22m[1m[22m[2m Γöé gzip:   2.46 kB[22m
[2mdist/[22m[36massets/Register-cc864078.js                  [39m[1m[2m    8.56 kB[22m[1m[22m[2m Γöé gzip:   2.46 kB[22m
[2mdist/[22m[36massets/FilePlayer-c021444a.js                [39m[1m[2m    9.06 kB[22m[1m[22m[2m Γöé gzip:   3.06 kB[22m
[2mdist/[22m[36massets/Header-de6b2304.js                    [39m[1m[2m    9.12 kB[22m[1m[22m[2m Γöé gzip:   2.76 kB[22m
[2mdist/[22m[36massets/CourseCreate-d1c24015.js              [39m[1m[2m    9.45 kB[22m[1m[22m[2m Γöé gzip:   3.40 kB[22m
[2mdist/[22m[36massets/dayjs-ff7e5c7c.js                     [39m[1m[2m   10.34 kB[22m[1m[22m[2m Γöé gzip:   4.02 kB[22m
[2mdist/[22m[36massets/QA-abc1818a.js                        [39m[1m[2m   10.69 kB[22m[1m[22m[2m Γöé gzip:   3.12 kB[22m
[2mdist/[22m[36massets/Profile-cc90ddb3.js                   [39m[1m[2m   10.85 kB[22m[1m[22m[2m Γöé gzip:   3.70 kB[22m
[2mdist/[22m[36massets/BaseFooter-2e7312fd.js                [39m[1m[2m   11.59 kB[22m[1m[22m[2m Γöé gzip:   2.51 kB[22m
[2mdist/[22m[36massets/Profile-625488e0.js                   [39m[1m[2m   11.91 kB[22m[1m[22m[2m Γöé gzip:   3.80 kB[22m
[2mdist/[22m[36massets/Courses-1ae8208d.js                   [39m[1m[2m   12.84 kB[22m[1m[22m[2m Γöé gzip:   4.10 kB[22m
[2mdist/[22m[36massets/Dashboard-45067a42.js                 [39m[1m[2m   12.85 kB[22m[1m[22m[2m Γöé gzip:   3.10 kB[22m
[2mdist/[22m[36massets/Review-515b33dc.js                    [39m[1m[2m   12.91 kB[22m[1m[22m[2m Γöé gzip:   3.63 kB[22m
[2mdist/[22m[36massets/Dashboard-fc2459ce.js                 [39m[1m[2m   13.61 kB[22m[1m[22m[2m Γöé gzip:   3.11 kB[22m
[2mdist/[22m[36massets/ReactCrop-b37a1313.js                 [39m[1m[2m   14.84 kB[22m[1m[22m[2m Γöé gzip:   4.20 kB[22m
[2mdist/[22m[36massets/Search-b4b9a79a.js                    [39m[1m[2m   14.84 kB[22m[1m[22m[2m Γöé gzip:   4.66 kB[22m
[2mdist/[22m[36massets/DashboardAdmin-7e8b5a40.js            [39m[1m[2m   16.47 kB[22m[1m[22m[2m Γöé gzip:   3.27 kB[22m
[2mdist/[22m[36massets/CourseQuiz-60008e91.js                [39m[1m[2m   17.50 kB[22m[1m[22m[2m Γöé gzip:   4.25 kB[22m
[2mdist/[22m[36massets/QA-1a7b7d3f.js                        [39m[1m[2m   19.04 kB[22m[1m[22m[2m Γöé gzip:   4.78 kB[22m
[2mdist/[22m[36massets/Header-b61405a7.js                    [39m[1m[2m   23.49 kB[22m[1m[22m[2m Γöé gzip:   4.35 kB[22m
[2mdist/[22m[36massets/ui-vendor-6a4270c5.js                 [39m[1m[2m   27.79 kB[22m[1m[22m[2m Γöé gzip:   9.75 kB[22m
[2mdist/[22m[36massets/UsersAdmin-c47ad365.js                [39m[1m[2m   33.57 kB[22m[1m[22m[2m Γöé gzip:   8.85 kB[22m
[2mdist/[22m[36massets/CourseEdit-94a40361.js                [39m[1m[2m   33.80 kB[22m[1m[22m[2m Γöé gzip:   7.72 kB[22m
[2mdist/[22m[36massets/Index-60a56d5c.js                     [39m[1m[2m   35.80 kB[22m[1m[22m[2m Γöé gzip:   7.09 kB[22m
[2mdist/[22m[36massets/FormField-456711f6.js                 [39m[1m[2m   37.84 kB[22m[1m[22m[2m Γöé gzip:  10.63 kB[22m
[2mdist/[22m[36massets/utils-vendor-f1390608.js              [39m[1m[2m   45.72 kB[22m[1m[22m[2m Γöé gzip:  17.96 kB[22m
[2mdist/[22m[36massets/CourseDetail-7765f573.js              [39m[1m[2m   70.81 kB[22m[1m[22m[2m Γöé gzip:  13.89 kB[22m
[2mdist/[22m[36massets/CourseEditCurriculum-1c417498.js      [39m[1m[2m   87.08 kB[22m[1m[22m[2m Γöé gzip:  26.71 kB[22m
[2mdist/[22m[36massets/CourseDetail-db201e6d.js              [39m[1m[2m  105.16 kB[22m[1m[22m[2m Γöé gzip:  26.70 kB[22m
[2mdist/[22m[36massets/index-bb64cf13.js                     [39m[1m[2m  109.83 kB[22m[1m[22m[2m Γöé gzip:  26.98 kB[22m
[2mdist/[22m[36massets/react-vendor-51e852dc.js              [39m[1m[2m  159.76 kB[22m[1m[22m[2m Γöé gzip:  51.87 kB[22m
[2mdist/[22m[36massets/chart-vendor-22f2815f.js              [39m[1m[2m  525.12 kB[22m[1m[22m[2m Γöé gzip: 161.23 kB[22m
[2mdist/[22m[36massets/editor-vendor-26c1d326.js             [39m[1m[33m1,240.51 kB[39m[22m[2m Γöé gzip: 301.98 kB[22m
[33m
(!) Some chunks are larger than 1000 kBs after minification. Consider:
- Using dynamic import() to code-split the application
- Use build.rollupOptions.output.manualChunks to improve chunking: 
https://rollupjs.org/configuration-options/#output-manualchunks
- Adjust chunk size limit for this warning via build.chunkSizeWarningLimit.[39m
[32mΓ£ô built in 19.95s[39m
